// Jest Snapshot v1, https://goo.gl/fbAQLP

exports[`Pruebas en componente <GifItem /> Debe hacer match con el snapshot 1`] = `
<div>
  <div
    class="card"
  >
    <img
      alt="Seinfeld"
      src="https://seinfeld.com/jerry.jpg"
    />
    <p>
      Seinfeld
    </p>
  </div>
</div>
`;
